components/ProteinViewer.tsx(330,97): error TS7053: Element implicitly has an 'any' type because expression of type '0' can't be used to index type 'OrderedSet<UnitIndex>'.
  Property '0' does not exist on type 'OrderedSet<UnitIndex>'.
components/ProteinViewer.tsx(336,41): error TS2367: This comparison appears to be unintentional because the types 'number' and 'string' have no overlap.
components/ProteinViewer.tsx(336,62): error TS2367: This comparison appears to be unintentional because the types 'number' and 'string' have no overlap.
components/ProteinViewer.tsx(336,83): error TS2367: This comparison appears to be unintentional because the types 'number' and 'string' have no overlap.
components/ProteinViewer.tsx(336,103): error TS2367: This comparison appears to be unintentional because the types 'number' and 'string' have no overlap.
components/ProteinViewer.tsx(337,46): error TS2367: This comparison appears to be unintentional because the types 'number' and 'string' have no overlap.
components/ProteinViewer.tsx(337,66): error TS2367: This comparison appears to be unintentional because the types 'number' and 'string' have no overlap.
components/ProteinViewer.tsx(337,88): error TS2367: This comparison appears to be unintentional because the types 'number' and 'string' have no overlap.
